API script started.
SQL: SELECT * FROM schedules
Params: Array
(
)

Schedules: Array
(
)

API script started.
API script started.
SQL: SELECT * FROM schedules
Params: Array
(
)

Schedules: Array
(
)

API script started.
API script started.
db.php included.
Database connection successful.
SQL: SELECT * FROM schedules
Params: Array
(
)

Schedules: Array
(
)

API script started.
db.php included.
Database connection successful.
API script started.
SQL: SELECT * FROM schedules
Params: Array
(
)

Schedules: Array
(
)

API script started.
API script started.
API script started.
